// Jest Snapshot v1, https://goo.gl/fbAQLP

exports[`Button Deve renderizar um bot√£o sem erros 1`] = `
<button
  class="sc-hKgILt iQgQJK"
  type=""
>
  <span>
    conteudo
  </span>
</button>
`;
