// Jest Snapshot v1, https://goo.gl/fbAQLP

exports[`<Avatar /> Deve renderizar um ícone ao não possuir uma imagem 1`] = `
<figure
  class="sc-hKgILt fZnRJR"
>
  <svg
    aria-hidden="true"
    class="StyledIconBase-ea9ulj-0 cKCFNq"
    fill="currentColor"
    focusable="false"
    viewBox="0 0 8 8"
    xmlns="http://www.w3.org/2000/svg"
  >
    <path
      d="M4.47 0c-.85 0-1.48.26-1.88.66-.4.4-.54.9-.59 1.28l1 .13c.04-.25.12-.5.31-.69C3.5 1.19 3.8 1 4.47 1c.66 0 1.02.16 1.22.34.2.18.28.4.28.66 0 .83-.34 1.06-.84 1.5-.5.44-1.16 1.08-1.16 2.25V6h1v-.25c0-.83.31-1.06.81-1.5.5-.44 1.19-1.08 1.19-2.25 0-.48-.17-1.02-.59-1.41C5.95.2 5.31 0 4.47 0zm-.5 7v1h1V7h-1z"
    />
  </svg>
</figure>
`;

exports[`<Avatar /> Deve renderizar uma imagem quando disponível 1`] = `
<figure
  class="sc-hKgILt fZnRJR"
>
  <img
    alt="avatar"
    src="https://avatars0.githubusercontent.com/u/13336905?s=460&u=2e6422672bb3f2aeaaa034e9605e953b5bbf49ca&v=4"
  />
</figure>
`;
