// Jest Snapshot v1, https://goo.gl/fbAQLP

exports[`<Button /> Renderiza um bot√£o corretamente 1`] = `
<button
  class="sc-hKgILt iQgQJK"
  type=""
>
  <span>
    conteudo
  </span>
</button>
`;
